Archive member included to satisfy reference by file (symbol)

c:/program files (x86)/gnu arm embedded toolchain/10 2021.10/bin/../lib/gcc/arm-none-eabi/10.3.1/../../../../arm-none-eabi/lib/thumb/v7-m/nofp\libc.a(lib_a-atoi.o)
                              Build/main.o (atoi)
c:/program files (x86)/gnu arm embedded toolchain/10 2021.10/bin/../lib/gcc/arm-none-eabi/10.3.1/../../../../arm-none-eabi/lib/thumb/v7-m/nofp\libc.a(lib_a-strtol.o)
                              c:/program files (x86)/gnu arm embedded toolchain/10 2021.10/bin/../lib/gcc/arm-none-eabi/10.3.1/../../../../arm-none-eabi/lib/thumb/v7-m/nofp\libc.a(lib_a-atoi.o) (_strtol_r)
c:/program files (x86)/gnu arm embedded toolchain/10 2021.10/bin/../lib/gcc/arm-none-eabi/10.3.1/../../../../arm-none-eabi/lib/thumb/v7-m/nofp\libc.a(lib_a-ctype_.o)
                              c:/program files (x86)/gnu arm embedded toolchain/10 2021.10/bin/../lib/gcc/arm-none-eabi/10.3.1/../../../../arm-none-eabi/lib/thumb/v7-m/nofp\libc.a(lib_a-strtol.o) (_ctype_)
c:/program files (x86)/gnu arm embedded toolchain/10 2021.10/bin/../lib/gcc/arm-none-eabi/10.3.1/../../../../arm-none-eabi/lib/thumb/v7-m/nofp\libc.a(lib_a-errno.o)
                              c:/program files (x86)/gnu arm embedded toolchain/10 2021.10/bin/../lib/gcc/arm-none-eabi/10.3.1/../../../../arm-none-eabi/lib/thumb/v7-m/nofp\libc.a(lib_a-strtol.o) (__errno)
c:/program files (x86)/gnu arm embedded toolchain/10 2021.10/bin/../lib/gcc/arm-none-eabi/10.3.1/../../../../arm-none-eabi/lib/thumb/v7-m/nofp\libc.a(lib_a-impure.o)
                              c:/program files (x86)/gnu arm embedded toolchain/10 2021.10/bin/../lib/gcc/arm-none-eabi/10.3.1/../../../../arm-none-eabi/lib/thumb/v7-m/nofp\libc.a(lib_a-strtol.o) (_impure_ptr)

Discarded input sections

 .data          0x00000000        0x0 Build/main.o
 .data          0x00000000        0x0 Build/os.o
 .data          0x00000000        0x0 Build/startup.o
 .bss           0x00000000        0x0 Build/startup.o
 .text          0x00000000        0x0 c:/program files (x86)/gnu arm embedded toolchain/10 2021.10/bin/../lib/gcc/arm-none-eabi/10.3.1/../../../../arm-none-eabi/lib/thumb/v7-m/nofp\libc.a(lib_a-atoi.o)
 .data          0x00000000        0x0 c:/program files (x86)/gnu arm embedded toolchain/10 2021.10/bin/../lib/gcc/arm-none-eabi/10.3.1/../../../../arm-none-eabi/lib/thumb/v7-m/nofp\libc.a(lib_a-atoi.o)
 .bss           0x00000000        0x0 c:/program files (x86)/gnu arm embedded toolchain/10 2021.10/bin/../lib/gcc/arm-none-eabi/10.3.1/../../../../arm-none-eabi/lib/thumb/v7-m/nofp\libc.a(lib_a-atoi.o)
 .text._atoi_r  0x00000000        0x8 c:/program files (x86)/gnu arm embedded toolchain/10 2021.10/bin/../lib/gcc/arm-none-eabi/10.3.1/../../../../arm-none-eabi/lib/thumb/v7-m/nofp\libc.a(lib_a-atoi.o)
 .debug_frame   0x00000000       0x30 c:/program files (x86)/gnu arm embedded toolchain/10 2021.10/bin/../lib/gcc/arm-none-eabi/10.3.1/../../../../arm-none-eabi/lib/thumb/v7-m/nofp\libc.a(lib_a-atoi.o)
 .ARM.attributes
                0x00000000       0x2d c:/program files (x86)/gnu arm embedded toolchain/10 2021.10/bin/../lib/gcc/arm-none-eabi/10.3.1/../../../../arm-none-eabi/lib/thumb/v7-m/nofp\libc.a(lib_a-atoi.o)
 .text          0x00000000        0x0 c:/program files (x86)/gnu arm embedded toolchain/10 2021.10/bin/../lib/gcc/arm-none-eabi/10.3.1/../../../../arm-none-eabi/lib/thumb/v7-m/nofp\libc.a(lib_a-strtol.o)
 .data          0x00000000        0x0 c:/program files (x86)/gnu arm embedded toolchain/10 2021.10/bin/../lib/gcc/arm-none-eabi/10.3.1/../../../../arm-none-eabi/lib/thumb/v7-m/nofp\libc.a(lib_a-strtol.o)
 .bss           0x00000000        0x0 c:/program files (x86)/gnu arm embedded toolchain/10 2021.10/bin/../lib/gcc/arm-none-eabi/10.3.1/../../../../arm-none-eabi/lib/thumb/v7-m/nofp\libc.a(lib_a-strtol.o)
 .text._strtol_r
                0x00000000       0x1c c:/program files (x86)/gnu arm embedded toolchain/10 2021.10/bin/../lib/gcc/arm-none-eabi/10.3.1/../../../../arm-none-eabi/lib/thumb/v7-m/nofp\libc.a(lib_a-strtol.o)
 .text.strtol_l
                0x00000000       0x2c c:/program files (x86)/gnu arm embedded toolchain/10 2021.10/bin/../lib/gcc/arm-none-eabi/10.3.1/../../../../arm-none-eabi/lib/thumb/v7-m/nofp\libc.a(lib_a-strtol.o)
 .debug_frame   0x00000000       0x90 c:/program files (x86)/gnu arm embedded toolchain/10 2021.10/bin/../lib/gcc/arm-none-eabi/10.3.1/../../../../arm-none-eabi/lib/thumb/v7-m/nofp\libc.a(lib_a-strtol.o)
 .ARM.attributes
                0x00000000       0x2d c:/program files (x86)/gnu arm embedded toolchain/10 2021.10/bin/../lib/gcc/arm-none-eabi/10.3.1/../../../../arm-none-eabi/lib/thumb/v7-m/nofp\libc.a(lib_a-strtol.o)
 .text          0x00000000        0x0 c:/program files (x86)/gnu arm embedded toolchain/10 2021.10/bin/../lib/gcc/arm-none-eabi/10.3.1/../../../../arm-none-eabi/lib/thumb/v7-m/nofp\libc.a(lib_a-ctype_.o)
 .data          0x00000000        0x0 c:/program files (x86)/gnu arm embedded toolchain/10 2021.10/bin/../lib/gcc/arm-none-eabi/10.3.1/../../../../arm-none-eabi/lib/thumb/v7-m/nofp\libc.a(lib_a-ctype_.o)
 .bss           0x00000000        0x0 c:/program files (x86)/gnu arm embedded toolchain/10 2021.10/bin/../lib/gcc/arm-none-eabi/10.3.1/../../../../arm-none-eabi/lib/thumb/v7-m/nofp\libc.a(lib_a-ctype_.o)
 .ARM.attributes
                0x00000000       0x2d c:/program files (x86)/gnu arm embedded toolchain/10 2021.10/bin/../lib/gcc/arm-none-eabi/10.3.1/../../../../arm-none-eabi/lib/thumb/v7-m/nofp\libc.a(lib_a-ctype_.o)
 .text          0x00000000        0x0 c:/program files (x86)/gnu arm embedded toolchain/10 2021.10/bin/../lib/gcc/arm-none-eabi/10.3.1/../../../../arm-none-eabi/lib/thumb/v7-m/nofp\libc.a(lib_a-errno.o)
 .data          0x00000000        0x0 c:/program files (x86)/gnu arm embedded toolchain/10 2021.10/bin/../lib/gcc/arm-none-eabi/10.3.1/../../../../arm-none-eabi/lib/thumb/v7-m/nofp\libc.a(lib_a-errno.o)
 .bss           0x00000000        0x0 c:/program files (x86)/gnu arm embedded toolchain/10 2021.10/bin/../lib/gcc/arm-none-eabi/10.3.1/../../../../arm-none-eabi/lib/thumb/v7-m/nofp\libc.a(lib_a-errno.o)
 .debug_frame   0x00000000       0x20 c:/program files (x86)/gnu arm embedded toolchain/10 2021.10/bin/../lib/gcc/arm-none-eabi/10.3.1/../../../../arm-none-eabi/lib/thumb/v7-m/nofp\libc.a(lib_a-errno.o)
 .ARM.attributes
                0x00000000       0x2d c:/program files (x86)/gnu arm embedded toolchain/10 2021.10/bin/../lib/gcc/arm-none-eabi/10.3.1/../../../../arm-none-eabi/lib/thumb/v7-m/nofp\libc.a(lib_a-errno.o)
 .text          0x00000000        0x0 c:/program files (x86)/gnu arm embedded toolchain/10 2021.10/bin/../lib/gcc/arm-none-eabi/10.3.1/../../../../arm-none-eabi/lib/thumb/v7-m/nofp\libc.a(lib_a-impure.o)
 .data          0x00000000        0x0 c:/program files (x86)/gnu arm embedded toolchain/10 2021.10/bin/../lib/gcc/arm-none-eabi/10.3.1/../../../../arm-none-eabi/lib/thumb/v7-m/nofp\libc.a(lib_a-impure.o)
 .bss           0x00000000        0x0 c:/program files (x86)/gnu arm embedded toolchain/10 2021.10/bin/../lib/gcc/arm-none-eabi/10.3.1/../../../../arm-none-eabi/lib/thumb/v7-m/nofp\libc.a(lib_a-impure.o)
 .rodata._global_impure_ptr
                0x00000000        0x4 c:/program files (x86)/gnu arm embedded toolchain/10 2021.10/bin/../lib/gcc/arm-none-eabi/10.3.1/../../../../arm-none-eabi/lib/thumb/v7-m/nofp\libc.a(lib_a-impure.o)
 .ARM.attributes
                0x00000000       0x2d c:/program files (x86)/gnu arm embedded toolchain/10 2021.10/bin/../lib/gcc/arm-none-eabi/10.3.1/../../../../arm-none-eabi/lib/thumb/v7-m/nofp\libc.a(lib_a-impure.o)

Memory Configuration

Name             Origin             Length             Attributes
SRAM             0x20000000         0x00005000         xrw
FLASH            0x08000000         0x00010000         xr
*default*        0x00000000         0xffffffff

Linker script and memory map

LOAD Build/main.o
LOAD Build/os.o
LOAD Build/startup.o
                0x20005000                _estack = (ORIGIN (SRAM) + LENGTH (SRAM))
                0x00000200                _Min_Heap_Size = 0x200
                0x00000400                _Min_Stack_Size = 0x400

.isr_vector     0x08000000       0xec
                0x08000000                . = ALIGN (0x4)
 *(.isr_vector)
 .isr_vector    0x08000000       0xec Build/startup.o
                0x08000000                isr_vector
                0x080000ec                . = ALIGN (0x4)

.text           0x080000ec      0xb18
                0x080000ec                . = ALIGN (0x4)
 *(.text)
 .text          0x080000ec      0x670 Build/main.o
                0x080000ec                Idle_task
                0x080000f4                GPIO_Init
                0x0800016c                TIMER_Init
                0x080001fa                USART_Init
                0x0800023c                USART1_IRQHandler
                0x080002ec                OS_USART_Received_String
                0x08000380                USART_Command_Task
                0x08000434                Move_Forward
                0x0800048c                Move_Backward
                0x080004e4                Move_Left
                0x0800053c                Move_Right
                0x08000594                Stop
                0x080005bc                Car_Control_Task
                0x08000684                main
 .text          0x0800075c      0x2e8 Build/os.o
                0x0800075c                OS_TaskCreate
                0x0800085e                OS_AddThread
                0x080008b0                OS_InitSysTick
                0x080008e8                Systick_Handler
                0x08000970                PendSV_Handler
                0x08000998                SVCall_Handler
                0x080009b0                OS_Start
                0x080009d8                OS_Delay
 .text          0x08000a44       0x60 Build/startup.o
                0x08000a44                RTC_Alarm_IRQHandler
                0x08000a44                EXTI2_IRQHandler
                0x08000a44                TIM1_CC_IRQHandler
                0x08000a44                Hardfault_Handler
                0x08000a44                PVD_IRQHandler
                0x08000a44                NMI_Handler
                0x08000a44                EXTI3_IRQHandler
                0x08000a44                EXTI0_IRQHandler
                0x08000a44                I2C2_EV_IRQHandler
                0x08000a44                UsageFault_Handler
                0x08000a44                ADC1_2_IRQHandler
                0x08000a44                SPI1_IRQHandler
                0x08000a44                TAMPER_IRQHandler
                0x08000a44                DMA1_Channel4_IRQHandler
                0x08000a44                USART3_IRQHandler
                0x08000a44                RTC_IRQHandler
                0x08000a44                DMA1_Channel7_IRQHandler
                0x08000a44                I2C1_ER_IRQHandler
                0x08000a44                CAN1_RX1_IRQHandler
                0x08000a44                TIM4_IRQHandler
                0x08000a44                I2C1_EV_IRQHandler
                0x08000a44                DMA1_Channel6_IRQHandler
                0x08000a44                TIM3_IRQHandler
                0x08000a44                RCC_IRQHandler
                0x08000a44                TIM1_TRG_COM_IRQHandler
                0x08000a44                DMA1_Channel1_IRQHandler
                0x08000a44                Default_Handler
                0x08000a44                EXTI15_10_IRQHandler
                0x08000a44                EXTI9_5_IRQHandler
                0x08000a44                SPI2_IRQHandler
                0x08000a44                MemManage_Handler
                0x08000a44                DMA1_Channel5_IRQHandler
                0x08000a44                EXTI4_IRQHandler
                0x08000a44                USB_LP_CAN1_RX0_IRQHandler
                0x08000a44                USB_HP_CAN1_TX_IRQHandler
                0x08000a44                DMA1_Channel3_IRQHandler
                0x08000a44                TIM1_UP_IRQHandler
                0x08000a44                WWDG_IRQHandler
                0x08000a44                TIM2_IRQHandler
                0x08000a44                TIM1_BRK_IRQHandler
                0x08000a44                EXTI1_IRQHandler
                0x08000a44                USART2_IRQHandler
                0x08000a44                I2C2_ER_IRQHandler
                0x08000a44                DMA1_Channel2_IRQHandler
                0x08000a44                CAN1_SCE_IRQHandler
                0x08000a44                FLASH_IRQHandler
                0x08000a44                BusFault_Handler
                0x08000a44                USBWakeUp_IRQHandler
                0x08000a4a                Reset_Handler
 *(.text*)
 .text.atoi     0x08000aa4        0x8 c:/program files (x86)/gnu arm embedded toolchain/10 2021.10/bin/../lib/gcc/arm-none-eabi/10.3.1/../../../../arm-none-eabi/lib/thumb/v7-m/nofp\libc.a(lib_a-atoi.o)
                0x08000aa4                atoi
 .text._strtol_l.part.0
                0x08000aac      0x120 c:/program files (x86)/gnu arm embedded toolchain/10 2021.10/bin/../lib/gcc/arm-none-eabi/10.3.1/../../../../arm-none-eabi/lib/thumb/v7-m/nofp\libc.a(lib_a-strtol.o)
 .text.strtol   0x08000bcc       0x2c c:/program files (x86)/gnu arm embedded toolchain/10 2021.10/bin/../lib/gcc/arm-none-eabi/10.3.1/../../../../arm-none-eabi/lib/thumb/v7-m/nofp\libc.a(lib_a-strtol.o)
                0x08000bcc                strtol
 .text.__errno  0x08000bf8        0xc c:/program files (x86)/gnu arm embedded toolchain/10 2021.10/bin/../lib/gcc/arm-none-eabi/10.3.1/../../../../arm-none-eabi/lib/thumb/v7-m/nofp\libc.a(lib_a-errno.o)
                0x08000bf8                __errno
 *(.glue_7)
 .glue_7        0x08000c04        0x0 linker stubs
 *(.glue_7t)
 .glue_7t       0x08000c04        0x0 linker stubs
 *(.eh_frame)
 *(.init)
 *(.fini)
                0x08000c04                . = ALIGN (0x4)
                0x08000c04                _etext = .

.vfp11_veneer   0x08000c04        0x0
 .vfp11_veneer  0x08000c04        0x0 linker stubs

.v4_bx          0x08000c04        0x0
 .v4_bx         0x08000c04        0x0 linker stubs

.iplt           0x08000c04        0x0
 .iplt          0x08000c04        0x0 Build/main.o

.rodata         0x08000c04      0x104
                0x08000c04                . = ALIGN (0x4)
 *(.rodata)
 *(.rodata*)
 .rodata._ctype_
                0x08000c04      0x101 c:/program files (x86)/gnu arm embedded toolchain/10 2021.10/bin/../lib/gcc/arm-none-eabi/10.3.1/../../../../arm-none-eabi/lib/thumb/v7-m/nofp\libc.a(lib_a-ctype_.o)
                0x08000c04                _ctype_
                0x08000d08                . = ALIGN (0x4)
 *fill*         0x08000d05        0x3 

.rel.dyn        0x08000d08        0x0
 .rel.iplt      0x08000d08        0x0 Build/main.o

.ARM.extab      0x08000d08        0x0
                0x08000d08                . = ALIGN (0x4)
 *(.ARM.extab* .gnu.linkonce.armextab.*)
                0x08000d08                . = ALIGN (0x4)

.ARM            0x08000d08        0x0
                0x08000d08                . = ALIGN (0x4)
                0x08000d08                __exidix_start = .
 *(.ARM.exidx*)
                0x08000d08                __exidix_end = .
                0x08000d08                . = ALIGN (0x4)

preinit_array   0x08000d08        0x0
                0x08000d08                . = ALIGN (0x4)
                [!provide]                PROVIDE (__preinit_array_start = .)
 *(.preinit_array*)
                [!provide]                PROVIDE (__preinit_array_end = .)
                0x08000d08                . = ALIGN (0x4)

init_array      0x08000d08        0x0
                0x08000d08                . = ALIGN (0x4)
                [!provide]                PROVIDE (__init_array_start = .)
 *SORT(.init_array*)
 *(.init_array*)
                [!provide]                PROVIDE (__init_array_end = .)
                0x08000d08                . = ALIGN (0x4)

fini_array      0x08000d08        0x0
                0x08000d08                . = ALIGN (0x4)
                [!provide]                PROVIDE (__fini_array_start = .)
 *SORT(.fini_array*)
 *(.fini_array*)
                [!provide]                PROVIDE (__fini_array_end = .)
                0x08000d08                . = ALIGN (0x4)
                0x08000d08                _sidata = LOADADDR (.data)

.data           0x20000000      0x430 load address 0x08000d08
                0x20000000                . = ALIGN (0x4)
                0x20000000                _sdata = .
 *(.data)
 *(.data*)
 .data._impure_ptr
                0x20000000        0x4 c:/program files (x86)/gnu arm embedded toolchain/10 2021.10/bin/../lib/gcc/arm-none-eabi/10.3.1/../../../../arm-none-eabi/lib/thumb/v7-m/nofp\libc.a(lib_a-impure.o)
                0x20000000                _impure_ptr
 *fill*         0x20000004        0x4 
 .data.impure_data
                0x20000008      0x428 c:/program files (x86)/gnu arm embedded toolchain/10 2021.10/bin/../lib/gcc/arm-none-eabi/10.3.1/../../../../arm-none-eabi/lib/thumb/v7-m/nofp\libc.a(lib_a-impure.o)
 *(.RamFunc)
 *(.RamFunc*)
                0x20000430                . = ALIGN (0x4)
                0x20000430                _edata = .

.igot.plt       0x20000430        0x0 load address 0x08001138
 .igot.plt      0x20000430        0x0 Build/main.o
                0x20000430                . = ALIGN (0x4)

.bss            0x20000430      0x508 load address 0x08001138
                0x20000430                _sbss = .
                0x20000430                __bss_start__ = _sbss
 *(.bss)
 .bss           0x20000430      0x4f8 Build/main.o
                0x20000430                idle_stack
                0x200005c0                task1_stack
                0x20000750                task2_stack
                0x200008e0                rx_buffer
                0x200008f0                rx_index
                0x200008f4                rx_complete
                0x200008f8                waiting_task
                0x200008fc                tcbidle
                0x20000908                tcb1
                0x20000914                tcb2
                0x20000920                car_target
 .bss           0x20000928       0x10 Build/os.o
                0x20000928                current_task
                0x2000092c                next_task
                0x20000930                head
                0x20000934                tail
 *(.bss*)
 *(COMMON)
                0x20000938                . = ALIGN (0x4)
                0x20000938                _ebss = .
                0x20000938                __bss_end__ = _ebss

._user_heap_stack
                0x20000938      0x600 load address 0x08001138
                0x20000938                . = ALIGN (0x8)
                [!provide]                PROVIDE (end = .)
                [!provide]                PROVIDE (_end = .)
                0x20000b38                . = (. + _Min_Heap_Size)
 *fill*         0x20000938      0x200 
                0x20000f38                . = (. + _Min_Stack_Size)
 *fill*         0x20000b38      0x400 
                0x20000f38                . = ALIGN (0x8)

/DISCARD/
 libc.a(*)
 libm.a(*)
 libgcc.a(*)

.ARM.attributes
                0x00000000       0x2d
 *(.ARM.attributes)
 .ARM.attributes
                0x00000000       0x2d Build/main.o
 .ARM.attributes
                0x0000002d       0x2d Build/os.o
 .ARM.attributes
                0x0000005a       0x2d Build/startup.o
OUTPUT(Build/project.elf elf32-littlearm)
LOAD linker stubs
LOAD c:/program files (x86)/gnu arm embedded toolchain/10 2021.10/bin/../lib/gcc/arm-none-eabi/10.3.1/../../../../arm-none-eabi/lib/thumb/v7-m/nofp\libc.a
LOAD c:/program files (x86)/gnu arm embedded toolchain/10 2021.10/bin/../lib/gcc/arm-none-eabi/10.3.1/../../../../arm-none-eabi/lib/thumb/v7-m/nofp\libm.a
LOAD c:/program files (x86)/gnu arm embedded toolchain/10 2021.10/bin/../lib/gcc/arm-none-eabi/10.3.1/thumb/v7-m/nofp\libgcc.a

.debug_info     0x00000000      0xbe2
 .debug_info    0x00000000      0x833 Build/main.o
 .debug_info    0x00000833      0x274 Build/os.o
 .debug_info    0x00000aa7      0x13b Build/startup.o

.debug_abbrev   0x00000000      0x3ce
 .debug_abbrev  0x00000000      0x1d3 Build/main.o
 .debug_abbrev  0x000001d3      0x13a Build/os.o
 .debug_abbrev  0x0000030d       0xc1 Build/startup.o

.debug_aranges  0x00000000       0x60
 .debug_aranges
                0x00000000       0x20 Build/main.o
 .debug_aranges
                0x00000020       0x20 Build/os.o
 .debug_aranges
                0x00000040       0x20 Build/startup.o

.debug_line     0x00000000      0x77e
 .debug_line    0x00000000      0x3e5 Build/main.o
 .debug_line    0x000003e5      0x251 Build/os.o
 .debug_line    0x00000636      0x148 Build/startup.o

.debug_str      0x00000000      0x4dd
 .debug_str     0x00000000      0x3bf Build/main.o
                                0x41d (size before relaxing)
 .debug_str     0x000003bf       0xb2 Build/os.o
                                0x203 (size before relaxing)
 .debug_str     0x00000471       0x6c Build/startup.o
                                0x19a (size before relaxing)

.comment        0x00000000       0x49
 .comment       0x00000000       0x49 Build/main.o
                                 0x4a (size before relaxing)
 .comment       0x00000049       0x4a Build/os.o
 .comment       0x00000049       0x4a Build/startup.o

.debug_frame    0x00000000      0x354
 .debug_frame   0x00000000      0x1f8 Build/main.o
 .debug_frame   0x000001f8      0x114 Build/os.o
 .debug_frame   0x0000030c       0x48 Build/startup.o

Cross Reference Table

Symbol                                            File
ADC1_2_IRQHandler                                 Build/startup.o
BusFault_Handler                                  Build/startup.o
CAN1_RX1_IRQHandler                               Build/startup.o
CAN1_SCE_IRQHandler                               Build/startup.o
Car_Control_Task                                  Build/main.o
DMA1_Channel1_IRQHandler                          Build/startup.o
DMA1_Channel2_IRQHandler                          Build/startup.o
DMA1_Channel3_IRQHandler                          Build/startup.o
DMA1_Channel4_IRQHandler                          Build/startup.o
DMA1_Channel5_IRQHandler                          Build/startup.o
DMA1_Channel6_IRQHandler                          Build/startup.o
DMA1_Channel7_IRQHandler                          Build/startup.o
Default_Handler                                   Build/startup.o
EXTI0_IRQHandler                                  Build/startup.o
EXTI15_10_IRQHandler                              Build/startup.o
EXTI1_IRQHandler                                  Build/startup.o
EXTI2_IRQHandler                                  Build/startup.o
EXTI3_IRQHandler                                  Build/startup.o
EXTI4_IRQHandler                                  Build/startup.o
EXTI9_5_IRQHandler                                Build/startup.o
FLASH_IRQHandler                                  Build/startup.o
GPIO_Init                                         Build/main.o
Hardfault_Handler                                 Build/startup.o
I2C1_ER_IRQHandler                                Build/startup.o
I2C1_EV_IRQHandler                                Build/startup.o
I2C2_ER_IRQHandler                                Build/startup.o
I2C2_EV_IRQHandler                                Build/startup.o
Idle_task                                         Build/main.o
MemManage_Handler                                 Build/startup.o
Move_Backward                                     Build/main.o
Move_Forward                                      Build/main.o
Move_Left                                         Build/main.o
Move_Right                                        Build/main.o
NMI_Handler                                       Build/startup.o
OS_AddThread                                      Build/os.o
                                                  Build/main.o
OS_Delay                                          Build/os.o
                                                  Build/main.o
OS_InitSysTick                                    Build/os.o
OS_Start                                          Build/os.o
                                                  Build/main.o
OS_TaskCreate                                     Build/os.o
                                                  Build/main.o
OS_USART_Received_String                          Build/main.o
PVD_IRQHandler                                    Build/startup.o
PendSV_Handler                                    Build/os.o
RCC_IRQHandler                                    Build/startup.o
RTC_Alarm_IRQHandler                              Build/startup.o
RTC_IRQHandler                                    Build/startup.o
Reset_Handler                                     Build/startup.o
SPI1_IRQHandler                                   Build/startup.o
SPI2_IRQHandler                                   Build/startup.o
SVCall_Handler                                    Build/os.o
Stop                                              Build/main.o
Systick_Handler                                   Build/os.o
TAMPER_IRQHandler                                 Build/startup.o
TIM1_BRK_IRQHandler                               Build/startup.o
TIM1_CC_IRQHandler                                Build/startup.o
TIM1_TRG_COM_IRQHandler                           Build/startup.o
TIM1_UP_IRQHandler                                Build/startup.o
TIM2_IRQHandler                                   Build/startup.o
TIM3_IRQHandler                                   Build/startup.o
TIM4_IRQHandler                                   Build/startup.o
TIMER_Init                                        Build/main.o
USART1_IRQHandler                                 Build/main.o
USART2_IRQHandler                                 Build/startup.o
USART3_IRQHandler                                 Build/startup.o
USART_Command_Task                                Build/main.o
USART_Init                                        Build/main.o
USBWakeUp_IRQHandler                              Build/startup.o
USB_HP_CAN1_TX_IRQHandler                         Build/startup.o
USB_LP_CAN1_RX0_IRQHandler                        Build/startup.o
UsageFault_Handler                                Build/startup.o
WWDG_IRQHandler                                   Build/startup.o
__errno                                           c:/program files (x86)/gnu arm embedded toolchain/10 2021.10/bin/../lib/gcc/arm-none-eabi/10.3.1/../../../../arm-none-eabi/lib/thumb/v7-m/nofp\libc.a(lib_a-errno.o)
                                                  c:/program files (x86)/gnu arm embedded toolchain/10 2021.10/bin/../lib/gcc/arm-none-eabi/10.3.1/../../../../arm-none-eabi/lib/thumb/v7-m/nofp\libc.a(lib_a-strtol.o)
_atoi_r                                           c:/program files (x86)/gnu arm embedded toolchain/10 2021.10/bin/../lib/gcc/arm-none-eabi/10.3.1/../../../../arm-none-eabi/lib/thumb/v7-m/nofp\libc.a(lib_a-atoi.o)
_ctype_                                           c:/program files (x86)/gnu arm embedded toolchain/10 2021.10/bin/../lib/gcc/arm-none-eabi/10.3.1/../../../../arm-none-eabi/lib/thumb/v7-m/nofp\libc.a(lib_a-ctype_.o)
                                                  c:/program files (x86)/gnu arm embedded toolchain/10 2021.10/bin/../lib/gcc/arm-none-eabi/10.3.1/../../../../arm-none-eabi/lib/thumb/v7-m/nofp\libc.a(lib_a-strtol.o)
_ebss                                             Build/startup.o
_edata                                            Build/startup.o
_estack                                           Build/startup.o
_global_impure_ptr                                c:/program files (x86)/gnu arm embedded toolchain/10 2021.10/bin/../lib/gcc/arm-none-eabi/10.3.1/../../../../arm-none-eabi/lib/thumb/v7-m/nofp\libc.a(lib_a-impure.o)
_impure_ptr                                       c:/program files (x86)/gnu arm embedded toolchain/10 2021.10/bin/../lib/gcc/arm-none-eabi/10.3.1/../../../../arm-none-eabi/lib/thumb/v7-m/nofp\libc.a(lib_a-impure.o)
                                                  c:/program files (x86)/gnu arm embedded toolchain/10 2021.10/bin/../lib/gcc/arm-none-eabi/10.3.1/../../../../arm-none-eabi/lib/thumb/v7-m/nofp\libc.a(lib_a-errno.o)
                                                  c:/program files (x86)/gnu arm embedded toolchain/10 2021.10/bin/../lib/gcc/arm-none-eabi/10.3.1/../../../../arm-none-eabi/lib/thumb/v7-m/nofp\libc.a(lib_a-strtol.o)
_sbss                                             Build/startup.o
_sdata                                            Build/startup.o
_sidata                                           Build/startup.o
_strtol_r                                         c:/program files (x86)/gnu arm embedded toolchain/10 2021.10/bin/../lib/gcc/arm-none-eabi/10.3.1/../../../../arm-none-eabi/lib/thumb/v7-m/nofp\libc.a(lib_a-strtol.o)
                                                  c:/program files (x86)/gnu arm embedded toolchain/10 2021.10/bin/../lib/gcc/arm-none-eabi/10.3.1/../../../../arm-none-eabi/lib/thumb/v7-m/nofp\libc.a(lib_a-atoi.o)
atoi                                              c:/program files (x86)/gnu arm embedded toolchain/10 2021.10/bin/../lib/gcc/arm-none-eabi/10.3.1/../../../../arm-none-eabi/lib/thumb/v7-m/nofp\libc.a(lib_a-atoi.o)
                                                  Build/main.o
car_target                                        Build/main.o
current_task                                      Build/os.o
                                                  Build/main.o
head                                              Build/os.o
idle_stack                                        Build/main.o
isr_vector                                        Build/startup.o
main                                              Build/main.o
                                                  Build/startup.o
next_task                                         Build/os.o
rx_buffer                                         Build/main.o
rx_complete                                       Build/main.o
rx_index                                          Build/main.o
strtol                                            c:/program files (x86)/gnu arm embedded toolchain/10 2021.10/bin/../lib/gcc/arm-none-eabi/10.3.1/../../../../arm-none-eabi/lib/thumb/v7-m/nofp\libc.a(lib_a-strtol.o)
                                                  c:/program files (x86)/gnu arm embedded toolchain/10 2021.10/bin/../lib/gcc/arm-none-eabi/10.3.1/../../../../arm-none-eabi/lib/thumb/v7-m/nofp\libc.a(lib_a-atoi.o)
strtol_l                                          c:/program files (x86)/gnu arm embedded toolchain/10 2021.10/bin/../lib/gcc/arm-none-eabi/10.3.1/../../../../arm-none-eabi/lib/thumb/v7-m/nofp\libc.a(lib_a-strtol.o)
tail                                              Build/os.o
task1_stack                                       Build/main.o
task2_stack                                       Build/main.o
tcb1                                              Build/main.o
tcb2                                              Build/main.o
tcbidle                                           Build/main.o
waiting_task                                      Build/main.o
