
Discarded input sections

 .data          0x00000000        0x0 Build/main.o
 .bss           0x00000000        0x0 Build/main.o
 .text          0x00000000        0x0 Build/os.o
 .data          0x00000000        0x0 Build/os.o
 .bss           0x00000000        0x0 Build/os.o
 .debug_line    0x00000000        0x0 Build/os.o
 .debug_str     0x00000000       0x9f Build/os.o
 .comment       0x00000000       0x4a Build/os.o
 .ARM.attributes
                0x00000000       0x2d Build/os.o
 .data          0x00000000        0x0 Build/startup.o
 .bss           0x00000000        0x0 Build/startup.o

Memory Configuration

Name             Origin             Length             Attributes
SRAM             0x20000000         0x00005000         xrw
FLASH            0x08000000         0x00010000         xr
RAM              0x00000000         0xffffffff
*default*        0x00000000         0xffffffff

Linker script and memory map

LOAD Build/main.o
LOAD Build/os.o
LOAD Build/startup.o
                0x20005000                _estack = (ORIGIN (SRAM) + LENGTH (SRAM))
                0x00000200                _Min_Heap_Size = 0x200
                0x00000400                _Min_Stack_Size = 0x400

.isr_vector     0x08000000       0xec
                0x08000000                . = ALIGN (0x4)
 *(.isr_vector)
 .isr_vector    0x08000000       0xec Build/startup.o
                0x08000000                isr_vector
                0x080000ec                . = ALIGN (0x4)

.text           0x080000ec       0x70
                0x080000ec                . = ALIGN (0x4)
 *(.text)
 .text          0x080000ec        0xe Build/main.o
                0x080000ec                main
 *fill*         0x080000fa        0x2 
 .text          0x080000fc       0x60 Build/startup.o
                0x080000fc                RTC_Alarm_IRQHandler
                0x080000fc                EXTI2_IRQHandler
                0x080000fc                SVCall_Handler
                0x080000fc                TIM1_CC_IRQHandler
                0x080000fc                Systick_Handler
                0x080000fc                Hardfault_Handler
                0x080000fc                PVD_IRQHandler
                0x080000fc                PendSV_Handler
                0x080000fc                NMI_Handler
                0x080000fc                EXTI3_IRQHandler
                0x080000fc                EXTI0_IRQHandler
                0x080000fc                I2C2_EV_IRQHandler
                0x080000fc                UsageFault_Handler
                0x080000fc                ADC1_2_IRQHandler
                0x080000fc                SPI1_IRQHandler
                0x080000fc                TAMPER_IRQHandler
                0x080000fc                DMA1_Channel4_IRQHandler
                0x080000fc                USART3_IRQHandler
                0x080000fc                RTC_IRQHandler
                0x080000fc                DMA1_Channel7_IRQHandler
                0x080000fc                I2C1_ER_IRQHandler
                0x080000fc                CAN1_RX1_IRQHandler
                0x080000fc                TIM4_IRQHandler
                0x080000fc                I2C1_EV_IRQHandler
                0x080000fc                DMA1_Channel6_IRQHandler
                0x080000fc                TIM3_IRQHandler
                0x080000fc                RCC_IRQHandler
                0x080000fc                TIM1_TRG_COM_IRQHandler
                0x080000fc                DMA1_Channel1_IRQHandler
                0x080000fc                Default_Handler
                0x080000fc                EXTI15_10_IRQHandler
                0x080000fc                EXTI9_5_IRQHandler
                0x080000fc                SPI2_IRQHandler
                0x080000fc                MemManage_Handler
                0x080000fc                DMA1_Channel5_IRQHandler
                0x080000fc                EXTI4_IRQHandler
                0x080000fc                USB_LP_CAN1_RX0_IRQHandler
                0x080000fc                USB_HP_CAN1_TX_IRQHandler
                0x080000fc                DMA1_Channel3_IRQHandler
                0x080000fc                TIM1_UP_IRQHandler
                0x080000fc                WWDG_IRQHandler
                0x080000fc                TIM2_IRQHandler
                0x080000fc                TIM1_BRK_IRQHandler
                0x080000fc                EXTI1_IRQHandler
                0x080000fc                USART2_IRQHandler
                0x080000fc                I2C2_ER_IRQHandler
                0x080000fc                DMA1_Channel2_IRQHandler
                0x080000fc                CAN1_SCE_IRQHandler
                0x080000fc                FLASH_IRQHandler
                0x080000fc                BusFault_Handler
                0x080000fc                USART1_IRQHandler
                0x080000fc                USBWakeUp_IRQHandler
                0x08000102                Reset_Handler
 *(.text*)
 *(.glue_7)
 .glue_7        0x0800015c        0x0 linker stubs
 *(.glue_7t)
 .glue_7t       0x0800015c        0x0 linker stubs
 *(.eh_frame)
 *(.init)
 *(.fini)
                0x0800015c                . = ALIGN (0x4)
                0x0800015c                _etext = .

.vfp11_veneer   0x0800015c        0x0
 .vfp11_veneer  0x0800015c        0x0 linker stubs

.v4_bx          0x0800015c        0x0
 .v4_bx         0x0800015c        0x0 linker stubs

.iplt           0x0800015c        0x0
 .iplt          0x0800015c        0x0 Build/startup.o

.rel.dyn        0x0800015c        0x0
 .rel.iplt      0x0800015c        0x0 Build/startup.o

.rodata         0x0800015c        0x0
                0x0800015c                . = ALIGN (0x4)
 *(.rodata)
 *(.rodata*)
                0x0800015c                . = ALIGN (0x4)

.ARM.extab      0x0800015c        0x0
                0x0800015c                . = ALIGN (0x4)
 *(.ARM.extab* .gnu.linkonce.armextab.*)
                0x0800015c                . = ALIGN (0x4)

.ARM            0x0800015c        0x0
                0x0800015c                . = ALIGN (0x4)
                0x0800015c                __exidix_start = .
 *(.ARM.exidx*)
                0x0800015c                __exidix_end = .
                0x0800015c                . = ALIGN (0x4)

preinit_array   0x0800015c        0x0
                0x0800015c                . = ALIGN (0x4)
                [!provide]                PROVIDE (__preinit_array_start = .)
 *(.preinit_array*)
                [!provide]                PROVIDE (__preinit_array_end = .)
                0x0800015c                . = ALIGN (0x4)

init_array      0x0800015c        0x0
                0x0800015c                . = ALIGN (0x4)
                [!provide]                PROVIDE (__init_array_start = .)
 *SORT(.init_array*)
 *(.init_array*)
                [!provide]                PROVIDE (__init_array_end = .)
                0x0800015c                . = ALIGN (0x4)

fini_array      0x0800015c        0x0
                0x0800015c                . = ALIGN (0x4)
                [!provide]                PROVIDE (__fini_array_start = .)
 *SORT(.fini_array*)
 *(.fini_array*)
                [!provide]                PROVIDE (__fini_array_end = .)
                0x0800015c                . = ALIGN (0x4)
                0x0800015c                _sidata = LOADADDR (.data)

.data           0x20000000        0x0 load address 0x0800015c
                0x20000000                . = ALIGN (0x4)
                0x20000000                _sdata = .
 *(.data)
 *(.data*)
 *(.RamFunc)
 *(.RamFunc*)
                0x20000000                . = ALIGN (0x4)
                0x20000000                _edata = .

.igot.plt       0x20000000        0x0 load address 0x0800015c
 .igot.plt      0x20000000        0x0 Build/startup.o
                0x20000000                . = ALIGN (0x4)

.bss            0x00000000        0x0
                0x00000000                _sbss = .
                0x00000000                __bss_start__ = _sbss
 *(.bss)
 *(.bss*)
 *(COMMON)
                0x00000000                . = ALIGN (0x4)
                0x00000000                _ebss = .
                0x00000000                __bss_end__ = _ebss

._user_heap_stack
                0x00000000      0x600
                0x00000000                . = ALIGN (0x8)
                [!provide]                PROVIDE (end = .)
                [!provide]                PROVIDE (_end = .)
                0x00000200                . = (. + _Min_Heap_Size)
 *fill*         0x00000000      0x200 
                0x00000600                . = (. + _Min_Stack_Size)
 *fill*         0x00000200      0x400 
                0x00000600                . = ALIGN (0x8)

/DISCARD/
 libc.a(*)
 libm.a(*)
 libgcc.a(*)

.ARM.attributes
                0x00000000       0x2d
 *(.ARM.attributes)
 .ARM.attributes
                0x00000000       0x2d Build/main.o
 .ARM.attributes
                0x0000002d       0x2d Build/startup.o
OUTPUT(Build/project.elf elf32-littlearm)
LOAD linker stubs
LOAD c:/program files (x86)/gnu arm embedded toolchain/10 2021.10/bin/../lib/gcc/arm-none-eabi/10.3.1/../../../../arm-none-eabi/lib/thumb/v7-m/nofp\libc.a
LOAD c:/program files (x86)/gnu arm embedded toolchain/10 2021.10/bin/../lib/gcc/arm-none-eabi/10.3.1/../../../../arm-none-eabi/lib/thumb/v7-m/nofp\libm.a
LOAD c:/program files (x86)/gnu arm embedded toolchain/10 2021.10/bin/../lib/gcc/arm-none-eabi/10.3.1/thumb/v7-m/nofp\libgcc.a

.debug_info     0x00000000      0x17e
 .debug_info    0x00000000       0x43 Build/main.o
 .debug_info    0x00000043      0x13b Build/startup.o

.debug_abbrev   0x00000000       0xfc
 .debug_abbrev  0x00000000       0x3b Build/main.o
 .debug_abbrev  0x0000003b       0xc1 Build/startup.o

.debug_aranges  0x00000000       0x40
 .debug_aranges
                0x00000000       0x20 Build/main.o
 .debug_aranges
                0x00000020       0x20 Build/startup.o

.debug_line     0x00000000      0x183
 .debug_line    0x00000000       0x3b Build/main.o
 .debug_line    0x0000003b      0x148 Build/startup.o

.debug_str      0x00000000      0x16d
 .debug_str     0x00000000       0xa6 Build/main.o
 .debug_str     0x000000a6       0xc7 Build/startup.o
                                0x19a (size before relaxing)

.comment        0x00000000       0x49
 .comment       0x00000000       0x49 Build/main.o
                                 0x4a (size before relaxing)
 .comment       0x00000049       0x4a Build/startup.o

.debug_frame    0x00000000       0x78
 .debug_frame   0x00000000       0x30 Build/main.o
 .debug_frame   0x00000030       0x48 Build/startup.o

Cross Reference Table

Symbol                                            File
ADC1_2_IRQHandler                                 Build/startup.o
BusFault_Handler                                  Build/startup.o
CAN1_RX1_IRQHandler                               Build/startup.o
CAN1_SCE_IRQHandler                               Build/startup.o
DMA1_Channel1_IRQHandler                          Build/startup.o
DMA1_Channel2_IRQHandler                          Build/startup.o
DMA1_Channel3_IRQHandler                          Build/startup.o
DMA1_Channel4_IRQHandler                          Build/startup.o
DMA1_Channel5_IRQHandler                          Build/startup.o
DMA1_Channel6_IRQHandler                          Build/startup.o
DMA1_Channel7_IRQHandler                          Build/startup.o
Default_Handler                                   Build/startup.o
EXTI0_IRQHandler                                  Build/startup.o
EXTI15_10_IRQHandler                              Build/startup.o
EXTI1_IRQHandler                                  Build/startup.o
EXTI2_IRQHandler                                  Build/startup.o
EXTI3_IRQHandler                                  Build/startup.o
EXTI4_IRQHandler                                  Build/startup.o
EXTI9_5_IRQHandler                                Build/startup.o
FLASH_IRQHandler                                  Build/startup.o
Hardfault_Handler                                 Build/startup.o
I2C1_ER_IRQHandler                                Build/startup.o
I2C1_EV_IRQHandler                                Build/startup.o
I2C2_ER_IRQHandler                                Build/startup.o
I2C2_EV_IRQHandler                                Build/startup.o
MemManage_Handler                                 Build/startup.o
NMI_Handler                                       Build/startup.o
PVD_IRQHandler                                    Build/startup.o
PendSV_Handler                                    Build/startup.o
RCC_IRQHandler                                    Build/startup.o
RTC_Alarm_IRQHandler                              Build/startup.o
RTC_IRQHandler                                    Build/startup.o
Reset_Handler                                     Build/startup.o
SPI1_IRQHandler                                   Build/startup.o
SPI2_IRQHandler                                   Build/startup.o
SVCall_Handler                                    Build/startup.o
Systick_Handler                                   Build/startup.o
TAMPER_IRQHandler                                 Build/startup.o
TIM1_BRK_IRQHandler                               Build/startup.o
TIM1_CC_IRQHandler                                Build/startup.o
TIM1_TRG_COM_IRQHandler                           Build/startup.o
TIM1_UP_IRQHandler                                Build/startup.o
TIM2_IRQHandler                                   Build/startup.o
TIM3_IRQHandler                                   Build/startup.o
TIM4_IRQHandler                                   Build/startup.o
USART1_IRQHandler                                 Build/startup.o
USART2_IRQHandler                                 Build/startup.o
USART3_IRQHandler                                 Build/startup.o
USBWakeUp_IRQHandler                              Build/startup.o
USB_HP_CAN1_TX_IRQHandler                         Build/startup.o
USB_LP_CAN1_RX0_IRQHandler                        Build/startup.o
UsageFault_Handler                                Build/startup.o
WWDG_IRQHandler                                   Build/startup.o
_ebss                                             Build/startup.o
_edata                                            Build/startup.o
_estack                                           Build/startup.o
_sbss                                             Build/startup.o
_sdata                                            Build/startup.o
_sidata                                           Build/startup.o
isr_vector                                        Build/startup.o
main                                              Build/main.o
                                                  Build/startup.o
